.\android\gradlew.bat : 
所在位置 行:1 字符: 1
+ .\android\gradlew.bat app:assembleDebug -x lint -x test > build_error ...
+ ~~~~~~~~~~~~~~~~~~~~~~~~~~~~~~~~~~~~~~~~~~~~~~~~~~~~~~~~~~~~~~~~~~~~~
    + CategoryInfo          : NotSpecified: (:String) [], RemoteException
    + FullyQualifiedErrorId : NativeCommandError
 
FAILURE: Build failed with an exception.

* What went wrong:
Directory 'D:\React\MuseApp' does not contain a Gradle build.

A Gradle build's root directory should contain one of the possible settings files: settings.gradle
, settings.gradle.kts, settings.gradle.dcl.It may also contain one of the possible build files: bu
ild.gradle, build.gradle.kts, build.gradle.dcl.

To create a new Gradle build in this directory run 'gradlew init'

For more information about the 'init' task, please refer to https://docs.gradle.org/9.0.0/userguid
e/build_init_plugin.html in the Gradle documentation.

For more details on creating a Gradle build, please refer to https://docs.gradle.org/9.0.0/usergui
de/tutorial_using_tasks.html in the Gradle documentation.

* Try:
> Run gradlew init to create a new Gradle build in this directory.
> Run with --stacktrace option to get the stack trace.
> Run with --info or --debug option to get more log output.
> Get more help at https://help.gradle.org.

BUILD FAILED in 1s
